a64 bytes from ipn:5.1  seq=0 time=0.077661 s
a64 bytes from ipn:5.1  seq=1 time=0.198251 s
a64 bytes from ipn:5.1  seq=2 time=0.195990 s
a64 bytes from ipn:5.1  seq=3 time=0.195929 s
a64 bytes from ipn:5.1  seq=4 time=0.200728 s
a64 bytes from ipn:5.1  seq=5 time=0.200653 s
a64 bytes from ipn:5.1  seq=6 time=0.196887 s
a64 bytes from ipn:5.1  seq=7 time=0.195704 s
a64 bytes from ipn:5.1  seq=8 time=0.204211 s
a64 bytes from ipn:5.1  seq=9 time=0.196862 s
a64 bytes from ipn:5.1  seq=10 time=0.196387 s
a64 bytes from ipn:5.1  seq=11 time=0.197121 s
a64 bytes from ipn:5.1  seq=12 time=0.197084 s
a64 bytes from ipn:5.1  seq=13 time=0.196134 s
a64 bytes from ipn:5.1  seq=14 time=0.197578 s
a64 bytes from ipn:5.1  seq=15 time=0.195697 s
a64 bytes from ipn:5.1  seq=16 time=0.199628 s
a64 bytes from ipn:5.1  seq=17 time=0.195325 s
a64 bytes from ipn:5.1  seq=18 time=0.184583 s
a64 bytes from ipn:5.1  seq=19 time=0.196198 s
a64 bytes from ipn:5.1  seq=20 time=0.199969 s
a64 bytes from ipn:5.1  seq=21 time=0.196068 s
a64 bytes from ipn:5.1  seq=22 time=0.196736 s
a64 bytes from ipn:5.1  seq=23 time=0.203197 s
a64 bytes from ipn:5.1  seq=24 time=0.198361 s
a64 bytes from ipn:5.1  seq=25 time=0.196028 s
a64 bytes from ipn:5.1  seq=26 time=0.195162 s
a64 bytes from ipn:5.1  seq=27 time=0.195927 s
a64 bytes from ipn:5.1  seq=28 time=0.194704 s
a64 bytes from ipn:5.1  seq=29 time=0.199747 s
a64 bytes from ipn:5.1  seq=30 time=0.193491 s
a64 bytes from ipn:5.1  seq=31 time=0.195088 s
a64 bytes from ipn:5.1  seq=32 time=0.197757 s
a64 bytes from ipn:5.1  seq=33 time=0.167411 s
a64 bytes from ipn:5.1  seq=34 time=0.195348 s
a64 bytes from ipn:5.1  seq=35 time=0.191295 s
a64 bytes from ipn:5.1  seq=36 time=0.195415 s
a64 bytes from ipn:5.1  seq=37 time=0.194978 s
a64 bytes from ipn:5.1  seq=38 time=0.194946 s
aaaaaaaaaaaaaaaaaaaaaaaaaaaaaaaaaaaaaaaaaaaaaaaaaaaaaaaaaaaaaaaaaaaaaaaaaaaaaaaaaaaaaaa64 bytes from ipn:5.1  seq=40 time=85.566284 s
64 bytes from ipn:5.1  seq=41 time=84.566627 s
64 bytes from ipn:5.1  seq=42 time=83.654685 s
64 bytes from ipn:5.1  seq=43 time=82.654796 s
64 bytes from ipn:5.1  seq=39 time=86.663088 s
64 bytes from ipn:5.1  seq=44 time=81.656702 s
64 bytes from ipn:5.1  seq=45 time=80.657801 s
64 bytes from ipn:5.1  seq=46 time=79.658591 s
64 bytes from ipn:5.1  seq=47 time=78.658560 s
64 bytes from ipn:5.1  seq=48 time=77.660054 s
64 bytes from ipn:5.1  seq=49 time=76.659789 s
64 bytes from ipn:5.1  seq=50 time=75.660307 s
64 bytes from ipn:5.1  seq=51 time=74.658808 s
64 bytes from ipn:5.1  seq=52 time=73.716088 s
64 bytes from ipn:5.1  seq=53 time=72.716307 s
64 bytes from ipn:5.1  seq=54 time=71.714766 s
64 bytes from ipn:5.1  seq=55 time=70.714017 s
64 bytes from ipn:5.1  seq=56 time=69.712826 s
64 bytes from ipn:5.1  seq=57 time=68.711768 s
64 bytes from ipn:5.1  seq=58 time=67.711348 s
64 bytes from ipn:5.1  seq=59 time=66.710015 s
64 bytes from ipn:5.1  seq=60 time=65.708343 s
64 bytes from ipn:5.1  seq=61 time=64.708202 s
64 bytes from ipn:5.1  seq=62 time=63.707332 s
64 bytes from ipn:5.1  seq=63 time=62.706026 s
64 bytes from ipn:5.1  seq=64 time=61.705141 s
64 bytes from ipn:5.1  seq=65 time=60.781039 s
64 bytes from ipn:5.1  seq=66 time=59.779972 s
64 bytes from ipn:5.1  seq=67 time=58.780245 s
64 bytes from ipn:5.1  seq=68 time=57.779360 s
64 bytes from ipn:5.1  seq=69 time=56.778151 s
64 bytes from ipn:5.1  seq=70 time=55.777478 s
64 bytes from ipn:5.1  seq=71 time=54.776337 s
64 bytes from ipn:5.1  seq=72 time=53.775799 s
64 bytes from ipn:5.1  seq=73 time=52.774814 s
64 bytes from ipn:5.1  seq=74 time=51.774458 s
64 bytes from ipn:5.1  seq=75 time=50.774047 s
64 bytes from ipn:5.1  seq=76 time=49.773398 s
64 bytes from ipn:5.1  seq=77 time=48.772514 s
64 bytes from ipn:5.1  seq=78 time=47.771746 s
64 bytes from ipn:5.1  seq=79 time=46.771437 s
64 bytes from ipn:5.1  seq=80 time=45.770879 s
64 bytes from ipn:5.1  seq=81 time=44.777332 s
64 bytes from ipn:5.1  seq=82 time=43.776427 s
64 bytes from ipn:5.1  seq=83 time=42.774764 s
64 bytes from ipn:5.1  seq=84 time=41.773738 s
64 bytes from ipn:5.1  seq=85 time=40.773593 s
64 bytes from ipn:5.1  seq=86 time=39.773586 s
64 bytes from ipn:5.1  seq=87 time=38.774061 s
64 bytes from ipn:5.1  seq=88 time=37.773293 s
64 bytes from ipn:5.1  seq=89 time=36.772835 s
64 bytes from ipn:5.1  seq=90 time=35.771032 s
64 bytes from ipn:5.1  seq=91 time=34.771728 s
64 bytes from ipn:5.1  seq=92 time=33.771692 s
64 bytes from ipn:5.1  seq=93 time=32.771575 s
64 bytes from ipn:5.1  seq=94 time=31.770845 s
64 bytes from ipn:5.1  seq=95 time=30.770086 s
64 bytes from ipn:5.1  seq=96 time=29.772694 s
64 bytes from ipn:5.1  seq=97 time=28.771293 s
64 bytes from ipn:5.1  seq=98 time=27.776590 s
64 bytes from ipn:5.1  seq=99 time=26.775460 s
64 bytes from ipn:5.1  seq=100 time=25.775902 s
64 bytes from ipn:5.1  seq=101 time=24.777236 s
64 bytes from ipn:5.1  seq=102 time=23.777432 s
64 bytes from ipn:5.1  seq=103 time=22.780918 s
64 bytes from ipn:5.1  seq=104 time=21.781451 s
64 bytes from ipn:5.1  seq=105 time=20.789130 s
64 bytes from ipn:5.1  seq=106 time=19.813112 s
64 bytes from ipn:5.1  seq=107 time=18.812453 s
64 bytes from ipn:5.1  seq=108 time=17.815152 s
64 bytes from ipn:5.1  seq=109 time=16.813217 s
64 bytes from ipn:5.1  seq=110 time=15.811309 s
64 bytes from ipn:5.1  seq=111 time=14.809296 s
64 bytes from ipn:5.1  seq=112 time=13.807213 s
64 bytes from ipn:5.1  seq=113 time=12.805601 s
64 bytes from ipn:5.1  seq=114 time=11.804863 s
64 bytes from ipn:5.1  seq=115 time=10.804443 s
64 bytes from ipn:5.1  seq=116 time=9.802282 s
64 bytes from ipn:5.1  seq=117 time=8.801102 s
64 bytes from ipn:5.1  seq=118 time=7.800650 s
64 bytes from ipn:5.1  seq=119 time=6.798105 s
64 bytes from ipn:5.1  seq=120 time=5.797186 s
64 bytes from ipn:5.1  seq=121 time=4.828537 s
64 bytes from ipn:5.1  seq=122 time=3.827476 s
64 bytes from ipn:5.1  seq=123 time=2.827457 s
64 bytes from ipn:5.1  seq=124 time=1.826281 s
64 bytes from ipn:5.1  seq=125 time=0.824864 s
a64 bytes from ipn:5.1  seq=126 time=0.202307 s
a64 bytes from ipn:5.1  seq=127 time=0.201923 s
a64 bytes from ipn:5.1  seq=128 time=0.200231 s
aaaaaaaaaaaaaaaaaaaaaaaaaaaaaaaaaaaaaaaaaaaaaaaaaaaaaaaaaaaaaaaaaaaaaa64 bytes from ipn:5.1  seq=130 time=68.459541 s
64 bytes from ipn:5.1  seq=131 time=67.459865 s
64 bytes from ipn:5.1  seq=132 time=66.459940 s
64 bytes from ipn:5.1  seq=133 time=65.482125 s
64 bytes from ipn:5.1  seq=129 time=69.495347 s
64 bytes from ipn:5.1  seq=134 time=64.487619 s
64 bytes from ipn:5.1  seq=135 time=63.486054 s
64 bytes from ipn:5.1  seq=136 time=62.485951 s
64 bytes from ipn:5.1  seq=137 time=61.485671 s
64 bytes from ipn:5.1  seq=138 time=60.484845 s
64 bytes from ipn:5.1  seq=139 time=59.484284 s
64 bytes from ipn:5.1  seq=140 time=58.483960 s
64 bytes from ipn:5.1  seq=141 time=57.483849 s
64 bytes from ipn:5.1  seq=142 time=56.484000 s
64 bytes from ipn:5.1  seq=143 time=55.482897 s
64 bytes from ipn:5.1  seq=144 time=54.482841 s
64 bytes from ipn:5.1  seq=145 time=53.497824 s
64 bytes from ipn:5.1  seq=146 time=52.496087 s
64 bytes from ipn:5.1  seq=147 time=51.495070 s
64 bytes from ipn:5.1  seq=148 time=50.495110 s
64 bytes from ipn:5.1  seq=149 time=49.495339 s
64 bytes from ipn:5.1  seq=150 time=48.494793 s
64 bytes from ipn:5.1  seq=151 time=47.494201 s
64 bytes from ipn:5.1  seq=152 time=46.493361 s
64 bytes from ipn:5.1  seq=153 time=45.494791 s
64 bytes from ipn:5.1  seq=154 time=44.493140 s
64 bytes from ipn:5.1  seq=155 time=43.492482 s
64 bytes from ipn:5.1  seq=156 time=42.502927 s
64 bytes from ipn:5.1  seq=157 time=41.502955 s
64 bytes from ipn:5.1  seq=158 time=40.507529 s
64 bytes from ipn:5.1  seq=160 time=38.507453 s
64 bytes from ipn:5.1  seq=161 time=37.564999 s
64 bytes from ipn:5.1  seq=162 time=36.567601 s
64 bytes from ipn:5.1  seq=163 time=35.566011 s
64 bytes from ipn:5.1  seq=159 time=39.573180 s
64 bytes from ipn:5.1  seq=164 time=34.594872 s
64 bytes from ipn:5.1  seq=165 time=33.594141 s
64 bytes from ipn:5.1  seq=166 time=32.592656 s
64 bytes from ipn:5.1  seq=167 time=31.591813 s
64 bytes from ipn:5.1  seq=168 time=30.590856 s
64 bytes from ipn:5.1  seq=169 time=29.589983 s
64 bytes from ipn:5.1  seq=170 time=28.588857 s
64 bytes from ipn:5.1  seq=171 time=27.587721 s
64 bytes from ipn:5.1  seq=172 time=26.586840 s
64 bytes from ipn:5.1  seq=173 time=25.585491 s
64 bytes from ipn:5.1  seq=174 time=24.584769 s
64 bytes from ipn:5.1  seq=175 time=23.585540 s
64 bytes from ipn:5.1  seq=176 time=22.583193 s
64 bytes from ipn:5.1  seq=177 time=21.582546 s
64 bytes from ipn:5.1  seq=178 time=20.581712 s
64 bytes from ipn:5.1  seq=179 time=19.581087 s
64 bytes from ipn:5.1  seq=180 time=18.580275 s
64 bytes from ipn:5.1  seq=181 time=17.579843 s
64 bytes from ipn:5.1  seq=182 time=16.579889 s
64 bytes from ipn:5.1  seq=183 time=15.578258 s
64 bytes from ipn:5.1  seq=184 time=14.578051 s
64 bytes from ipn:5.1  seq=185 time=13.583332 s
64 bytes from ipn:5.1  seq=186 time=12.582420 s
64 bytes from ipn:5.1  seq=187 time=11.584246 s
64 bytes from ipn:5.1  seq=188 time=10.582733 s
64 bytes from ipn:5.1  seq=189 time=9.581798 s
64 bytes from ipn:5.1  seq=190 time=8.582717 s
64 bytes from ipn:5.1  seq=191 time=7.581427 s
64 bytes from ipn:5.1  seq=192 time=6.583414 s
64 bytes from ipn:5.1  seq=193 time=5.640214 s
64 bytes from ipn:5.1  seq=194 time=4.639755 s
64 bytes from ipn:5.1  seq=195 time=3.638694 s
64 bytes from ipn:5.1  seq=196 time=2.636126 s
64 bytes from ipn:5.1  seq=197 time=1.634732 s
64 bytes from ipn:5.1  seq=198 time=0.633730 s
a64 bytes from ipn:5.1  seq=199 time=0.199996 s
a64 bytes from ipn:5.1  seq=200 time=0.204470 s
a64 bytes from ipn:5.1  seq=201 time=0.201353 s
a64 bytes from ipn:5.1  seq=202 time=0.208077 s
a64 bytes from ipn:5.1  seq=203 time=0.204073 s
a64 bytes from ipn:5.1  seq=204 time=0.207818 s
a64 bytes from ipn:5.1  seq=205 time=0.198739 s
a64 bytes from ipn:5.1  seq=206 time=0.202507 s
a64 bytes from ipn:5.1  seq=207 time=0.199520 s
a64 bytes from ipn:5.1  seq=208 time=0.206801 s
a64 bytes from ipn:5.1  seq=209 time=0.197182 s
a64 bytes from ipn:5.1  seq=210 time=0.202433 s
a64 bytes from ipn:5.1  seq=211 time=0.197241 s
a64 bytes from ipn:5.1  seq=212 time=0.204298 s
a64 bytes from ipn:5.1  seq=213 time=0.199995 s
a64 bytes from ipn:5.1  seq=214 time=0.203096 s
a64 bytes from ipn:5.1  seq=215 time=0.196971 s
a64 bytes from ipn:5.1  seq=216 time=0.201783 s
a64 bytes from ipn:5.1  seq=217 time=0.203890 s
a64 bytes from ipn:5.1  seq=218 time=0.212225 s
aaaaaaaaaaaaaaaaaaaaaaaaaaaaaaaaaaaaaaaaaaaaaaaaaaaaaaaaaaaaaaaaaaaaaaaaaaaaaaaaaaaaaaaaaaaaaaaaaaaaa64 bytes from ipn:5.1  seq=220 time=100.094444 s
64 bytes from ipn:5.1  seq=221 time=99.094731 s
64 bytes from ipn:5.1  seq=222 time=98.094410 s
64 bytes from ipn:5.1  seq=223 time=97.094305 s
64 bytes from ipn:5.1  seq=219 time=101.100197 s
64 bytes from ipn:5.1  seq=224 time=96.095229 s
64 bytes from ipn:5.1  seq=225 time=95.093983 s
64 bytes from ipn:5.1  seq=226 time=94.094382 s
64 bytes from ipn:5.1  seq=227 time=93.094094 s
64 bytes from ipn:5.1  seq=228 time=92.093045 s
64 bytes from ipn:5.1  seq=229 time=91.093550 s
64 bytes from ipn:5.1  seq=230 time=90.093466 s
64 bytes from ipn:5.1  seq=231 time=89.093697 s
64 bytes from ipn:5.1  seq=232 time=88.092879 s
64 bytes from ipn:5.1  seq=233 time=87.092666 s
64 bytes from ipn:5.1  seq=234 time=86.091556 s
64 bytes from ipn:5.1  seq=235 time=85.091269 s
64 bytes from ipn:5.1  seq=236 time=84.093006 s
64 bytes from ipn:5.1  seq=237 time=83.093919 s
64 bytes from ipn:5.1  seq=238 time=82.093837 s
64 bytes from ipn:5.1  seq=239 time=81.099400 s
64 bytes from ipn:5.1  seq=240 time=80.100497 s
64 bytes from ipn:5.1  seq=241 time=79.101567 s
64 bytes from ipn:5.1  seq=242 time=78.101052 s
64 bytes from ipn:5.1  seq=243 time=77.108782 s
64 bytes from ipn:5.1  seq=244 time=76.114894 s
64 bytes from ipn:5.1  seq=245 time=75.113611 s
64 bytes from ipn:5.1  seq=246 time=74.113862 s
64 bytes from ipn:5.1  seq=247 time=73.114090 s
64 bytes from ipn:5.1  seq=248 time=72.123125 s
64 bytes from ipn:5.1  seq=250 time=70.122847 s
aaaaaaaaaaaaaaaaa64 bytes from ipn:5.1  seq=251 time=85.736850 s
64 bytes from ipn:5.1  seq=252 time=84.870324 s
64 bytes from ipn:5.1  seq=253 time=83.870252 s
64 bytes from ipn:5.1  seq=249 time=87.877320 s
64 bytes from ipn:5.1  seq=254 time=82.871001 s
64 bytes from ipn:5.1  seq=255 time=81.870185 s
64 bytes from ipn:5.1  seq=256 time=80.869721 s
64 bytes from ipn:5.1  seq=257 time=79.870916 s
64 bytes from ipn:5.1  seq=258 time=78.869494 s
64 bytes from ipn:5.1  seq=259 time=77.870795 s
64 bytes from ipn:5.1  seq=260 time=76.869989 s
64 bytes from ipn:5.1  seq=261 time=75.868874 s
64 bytes from ipn:5.1  seq=262 time=74.869700 s
64 bytes from ipn:5.1  seq=263 time=73.871353 s
64 bytes from ipn:5.1  seq=264 time=72.870794 s
64 bytes from ipn:5.1  seq=265 time=71.870381 s
64 bytes from ipn:5.1  seq=266 time=70.869175 s
64 bytes from ipn:5.1  seq=267 time=69.867787 s
64 bytes from ipn:5.1  seq=268 time=68.866034 s
64 bytes from ipn:5.1  seq=269 time=67.887040 s
64 bytes from ipn:5.1  seq=270 time=66.886580 s
64 bytes from ipn:5.1  seq=271 time=65.898235 s
64 bytes from ipn:5.1  seq=272 time=64.896802 s
64 bytes from ipn:5.1  seq=273 time=63.898098 s
64 bytes from ipn:5.1  seq=274 time=62.901522 s
64 bytes from ipn:5.1  seq=275 time=61.951375 s
64 bytes from ipn:5.1  seq=276 time=60.950800 s
64 bytes from ipn:5.1  seq=277 time=59.950043 s
64 bytes from ipn:5.1  seq=278 time=58.949436 s
64 bytes from ipn:5.1  seq=279 time=57.949738 s
64 bytes from ipn:5.1  seq=280 time=56.949676 s
64 bytes from ipn:5.1  seq=281 time=55.950420 s
64 bytes from ipn:5.1  seq=282 time=54.949086 s
64 bytes from ipn:5.1  seq=283 time=53.959092 s
64 bytes from ipn:5.1  seq=284 time=53.013892 s
64 bytes from ipn:5.1  seq=285 time=52.016592 s
64 bytes from ipn:5.1  seq=286 time=51.016499 s
64 bytes from ipn:5.1  seq=287 time=50.014947 s
64 bytes from ipn:5.1  seq=288 time=49.014989 s
64 bytes from ipn:5.1  seq=289 time=48.014023 s
64 bytes from ipn:5.1  seq=290 time=47.020755 s
64 bytes from ipn:5.1  seq=291 time=46.020502 s
64 bytes from ipn:5.1  seq=292 time=45.018737 s
64 bytes from ipn:5.1  seq=293 time=44.015895 s
64 bytes from ipn:5.1  seq=294 time=43.035473 s
64 bytes from ipn:5.1  seq=295 time=42.036388 s
64 bytes from ipn:5.1  seq=296 time=41.035231 s
64 bytes from ipn:5.1  seq=297 time=40.040593 s
64 bytes from ipn:5.1  seq=298 time=39.040901 s
64 bytes from ipn:5.1  seq=299 time=38.040619 s
64 bytes from ipn:5.1  seq=300 time=37.041541 s
64 bytes from ipn:5.1  seq=301 time=36.037349 s
64 bytes from ipn:5.1  seq=302 time=35.038512 s
64 bytes from ipn:5.1  seq=303 time=34.035852 s
64 bytes from ipn:5.1  seq=304 time=33.033459 s
64 bytes from ipn:5.1  seq=305 time=32.034171 s
a64 bytes from ipn:5.1  seq=306 time=31.059990 s
64 bytes from ipn:5.1  seq=307 time=30.059906 s
64 bytes from ipn:5.1  seq=308 time=29.058036 s
64 bytes from ipn:5.1  seq=310 time=27.055321 s
64 bytes from ipn:5.1  seq=311 time=26.057532 s
64 bytes from ipn:5.1  seq=312 time=25.057587 s
64 bytes from ipn:5.1  seq=313 time=24.054170 s
64 bytes from ipn:5.1  seq=309 time=28.068474 s
64 bytes from ipn:5.1  seq=314 time=23.049572 s
64 bytes from ipn:5.1  seq=315 time=22.050714 s
64 bytes from ipn:5.1  seq=316 time=21.051203 s
64 bytes from ipn:5.1  seq=317 time=20.050489 s
64 bytes from ipn:5.1  seq=318 time=19.050790 s
64 bytes from ipn:5.1  seq=319 time=18.048476 s
64 bytes from ipn:5.1  seq=320 time=17.050514 s
64 bytes from ipn:5.1  seq=321 time=16.078167 s
64 bytes from ipn:5.1  seq=322 time=15.078091 s
64 bytes from ipn:5.1  seq=323 time=14.078603 s
64 bytes from ipn:5.1  seq=324 time=13.077868 s
64 bytes from ipn:5.1  seq=325 time=12.078239 s
64 bytes from ipn:5.1  seq=326 time=11.078854 s
64 bytes from ipn:5.1  seq=327 time=10.079432 s
64 bytes from ipn:5.1  seq=328 time=9.079691 s
64 bytes from ipn:5.1  seq=329 time=8.080193 s
64 bytes from ipn:5.1  seq=330 time=7.080709 s
64 bytes from ipn:5.1  seq=331 time=6.081372 s
64 bytes from ipn:5.1  seq=332 time=5.082120 s
64 bytes from ipn:5.1  seq=333 time=4.082926 s
64 bytes from ipn:5.1  seq=334 time=3.083044 s
64 bytes from ipn:5.1  seq=335 time=2.083608 s
64 bytes from ipn:5.1  seq=336 time=1.083929 s
64 bytes from ipn:5.1  seq=337 time=0.357702 s
a64 bytes from ipn:5.1  seq=338 time=0.331470 s
a64 bytes from ipn:5.1  seq=339 time=0.330800 s
a64 bytes from ipn:5.1  seq=340 time=0.334099 s
a64 bytes from ipn:5.1  seq=341 time=0.328720 s
a64 bytes from ipn:5.1  seq=342 time=0.329666 s
a64 bytes from ipn:5.1  seq=343 time=0.332492 s
a64 bytes from ipn:5.1  seq=344 time=0.328998 s
a64 bytes from ipn:5.1  seq=345 time=0.332117 s
a64 bytes from ipn:5.1  seq=346 time=0.327165 s
a64 bytes from ipn:5.1  seq=347 time=0.328774 s
a64 bytes from ipn:5.1  seq=348 time=0.333197 s
aaaaaaaaaaaa